                        .module mcohw.c
                        .area text
 0000                   .dbfile ..\..\REV3~1.25\SOURCE~1\mcohw.c
                        .area data
 0000                   .dbfile ..\..\REV3~1.25\SOURCE~1\mcohw.c
 0000           _gTimCnt::
 0000                   .blkb 2
                        .area idata
 0000 0000              .word 0
                        .area data
 0002                   .dbfile ..\..\REV3~1.25\SOURCE~1\mcohw.c
 0002                   .dbfile C:\Users\vbenton.crtsglobal\Desktop\temp\REV3~1.25\SOURCE~1\mcohw.c
 0002                   .dbsym e gTimCnt _gTimCnt i
 0002           _gCANFilter::
 0002                   .blkb 1
                        .area idata
 0002 00                .byte 0
                        .area data
 0003                   .dbfile C:\Users\vbenton.crtsglobal\Desktop\temp\REV3~1.25\SOURCE~1\mcohw.c
 0003                   .dbsym e gCANFilter _gCANFilter c
                        .area extcode(paged)
 0000                   .dbfile C:\Users\vbenton.crtsglobal\Desktop\temp\REV3~1.25\SOURCE~1\mcohw.c
 0000                   .dbfunc e set_screener_std _set_screener_std fV
 0000           ;       ID_Match -> 9,SP
 0000           ;        ID_Mask -> 7,SP
 0000           ;       Screener -> 3,SP
 0000           $_set_screener_std::
 0000 3B                pshd
 0001 1B9E              leas -2,S
 0003                   .dbline -1
 0003                   .dbline 72
 0003           ; /**************************************************************************
 0003           ; MODULE:    MCOHW
 0003           ; CONTAINS:  Preliminary, limited hardware driver implementation for
 0003           ;            the 2-Wire Controller
 0003           ;            This version re-uses functions provided by
 0003           ;            www.esacademy.com/faq/progs
 0003           ;            If you need a full-featured 8XC591 MicroCANopen driver, contact
 0003           ;            support@esacademy.com
 0003           ; COPYRIGHT: Embedded Systems Academy, Inc. 2002-2005.
 0003           ;            All rights reserved. www.microcanopen.com
 0003           ;            This software was written in accordance to the guidelines at
 0003           ;            www.esacademy.com/software/softwarestyleguide.pdf
 0003           ; DISCLAIM:  Read and understand our disclaimer before using this code!
 0003           ;            www.esacademy.com/disclaim.htm
 0003           ; LICENSE:   THIS IS THE EDUCATIONAL VERSION OF MICROCANOPEN
 0003           ;            See file license_educational.txt or
 0003           ;            www.microcanopen.com/license_educational.txt
 0003           ;            A commercial MicroCANopen license is available at
 0003           ;            www.CANopenStore.com
 0003           ; VERSION:   2.10, ESA 12-JAN-05
 0003           ;            $LastChangedDate: 2005-01-12 13:53:59 -0700 (Wed, 12 Jan 2005) $
 0003           ;            $LastChangedRevision: 48 $
 0003           ; ---------------------------------------------------------------------------
 0003           ; PRELIMINARY VERSION
 0003           ; 
 0003           ; Shortcomings:
 0003           ; Only supports up to 2 (out of 8 possible) receive filter
 0003           ;   => This version can only be used with a maximum of 2 RPDOs
 0003           ; 
 0003           ; Only supports a transmit queue of length "1"
 0003           ; If queue occupied, waits until it is clear
 0003           ; **************************************************************************/
 0003           ; 
 0003           ; #include "Controller.h"
 0003           ; #include "mc9s12a128.h"
 0003           ; #include "mcohw.h"
 0003           ; #include "Interrupts.h"
 0003           ; #include "Subroutines.h"
 0003           ; 
 0003           ; extern char Gen_Flags;
 0003           ; extern unsigned int Timer1;
 0003           ; 
 0003           ; // Global timer/conter variable, incremented every millisecond
 0003           ; UNSIGNED16 gTimCnt = 0;
 0003           ; 
 0003           ; // global can filter count
 0003           ; UNSIGNED8 gCANFilter = 0;
 0003           ; 
 0003           ; /**************************************************************************
 0003           ; DOES:    Sets one of the four screeners (acceptance filters) of
 0003           ;          the CAN controller.
 0003           ; CAUTION: Does assume the screeners are set-up to be used as "one
 0003           ;          long filter for standard messages"
 0003           ; RETURNS: nothing
 0003           ; **************************************************************************/
 0003           ; void set_screener_std
 0003           ;   (
 0003           ;   UNSIGNED8 Screener,  // 1 - 8, one of the 8 screeners
 0003           ;   UNSIGNED16 ID_Mask,   // Bit set: corresponding bit in ID is don't care
 0003           ;                   // Bit clear: corresponding bit in ID must match ID_Match
 0003           ;   UNSIGNED16 ID_Match  // ID_Match - Match/Code value for ID
 0003           ;   ) 
 0003           ;   //darrell
 0003           ;   //The following arguments are not used, this has been modified for 16 bit filters                                           
 0003           ;   //UNSIGNED8 B1_Mask,   // Bit set: cor. bit in data byte 1 is don't care
 0003           ;                   // Bit clear: cor. bit in data byte 1 must match B1_Match
 0003           ;   //UNSIGNED8 B1_Match,  // Match/Code value for data byte 1
 0003           ;   //UNSIGNED8 B2_Mask,   // Bit set: cor. bit in data byte 2 is don't care
 0003           ;                   // Bit clear: cor. bit in data byte 2 must match B2_Match
 0003           ;   //UNSIGNED8 B2_Match   // Match/Code value for data byte 2
 0003           ;   //)
 0003           ; {
 0003                   .dbline 74
 0003           ;    // ensure 0 <= screener <= 7
 0003           ;   Screener -= 1;
 0003 6383              dec 3,S
 0005                   .dbline 75
 0005           ;   Screener &= 0x7;
 0005 0D83F8            bclr 3,S,#248
 0008                   .dbline 82
 0008           ; 
 0008           ;   // Disable screener, match on any message
 0008           ;   //ID_Mask = 0xffff;
 0008           ;   // Enable screener
 0008           ;   //ID_Mask = 0x0000;
 0008           ;   
 0008           ;   switch (Screener)
 0008 E683              ldab 3,S
 000A 87                clra
 000B 6C80              std 0,S
 000D 8C0000            cpd #0
 0010 273D              beq L9
 0012 ED80              ldy 0,S
 0014 8D0001            cpy #1
 0017 274A              beq L10
 0019 ED80              ldy 0,S
 001B 8D0002            cpy #2
 001E 2757              beq L11
 0020 ED80              ldy 0,S
 0022 8D0003            cpy #3
 0025 2762              beq L12
 0027 ED80              ldy 0,S
 0029 8D0004            cpy #4
 002C 1827006B          lbeq L13
 0030 ED80              ldy 0,S
 0032 8D0005            cpy #5
 0035 18270074          lbeq L14
 0039 ED80              ldy 0,S
 003B 8D0006            cpy #6
 003E 1827007D          lbeq L15
 0042 ED80              ldy 0,S
 0044 8D0007            cpy #7
 0047 18270086          lbeq L16
 004B 18200092          lbra L6
 004F           L9:
 004F                   .dbline 86
 004F           ;   {
 004F           ;       case 0:
 004F           ;       
 004F           ;       CANIDMR0 = (UNSIGNED8) (ID_Mask >> 3);
 004F EC87              ldd 7,S
 0051 49                lsrd
 0052 49                lsrd
 0053 49                lsrd
 0054 7B0154            stab 0x154
 0057                   .dbline 89
 0057           ;       //CANIDMR0 = (UNSIGNED8) (((ID_Mask & 0x07) << 5) | 0x1F);
 0057           ;         
 0057           ;         CANIDAR0 = (UNSIGNED8) (ID_Match >> 3);
 0057 EC89              ldd 9,S
 0059 49                lsrd
 005A 49                lsrd
 005B 49                lsrd
 005C 7B0150            stab 0x150
 005F                   .dbline 91
 005F           ;         //CANIDAR0 = (UNSIGNED8) (ID_Match & 0x07) << 5;
 005F           ;       break;
 005F 1820007E          lbra L7
 0063           L10:
 0063                   .dbline 95
 0063           ;       
 0063           ;       case 1:
 0063           ;       
 0063           ;       CANIDMR1 = (UNSIGNED8) (ID_Mask >> 3);
 0063 EC87              ldd 7,S
 0065 49                lsrd
 0066 49                lsrd
 0067 49                lsrd
 0068 7B0155            stab 0x155
 006B                   .dbline 98
 006B           ;       //CANIDMR1 = (UNSIGNED8) (((ID_Mask & 0x07) << 5) | 0x1F);
 006B           ;   
 006B           ;         CANIDAR1 = (UNSIGNED8) (ID_Match >> 3);
 006B EC89              ldd 9,S
 006D 49                lsrd
 006E 49                lsrd
 006F 49                lsrd
 0070 7B0151            stab 0x151
 0073                   .dbline 100
 0073           ;         //CANIDAR1 = (UNSIGNED8) (ID_Match & 0x07) << 5;
 0073           ;       break;
 0073 1820006A          lbra L7
 0077           L11:
 0077                   .dbline 104
 0077           ;               
 0077           ;       case 2:
 0077           ;       
 0077           ;       CANIDMR2 = (UNSIGNED8) (ID_Mask >> 3);
 0077 EC87              ldd 7,S
 0079 49                lsrd
 007A 49                lsrd
 007B 49                lsrd
 007C 7B0156            stab 0x156
 007F                   .dbline 107
 007F           ;       //CANIDMR2 = (UNSIGNED8) (((ID_Mask & 0x07) << 5) | 0x1F);
 007F           ;   
 007F           ;         CANIDAR2 = (UNSIGNED8) (ID_Match >> 3);
 007F EC89              ldd 9,S
 0081 49                lsrd
 0082 49                lsrd
 0083 49                lsrd
 0084 7B0152            stab 0x152
 0087                   .dbline 109
 0087           ;         //CANIDAR2 = (UNSIGNED8) (ID_Match & 0x07) << 5;
 0087           ;       break;
 0087 2058              bra L7
 0089           L12:
 0089                   .dbline 113
 0089           ;               
 0089           ;       case 3:
 0089           ;       
 0089           ;       CANIDMR3 = (UNSIGNED8) (ID_Mask >> 3);
 0089 EC87              ldd 7,S
 008B 49                lsrd
 008C 49                lsrd
 008D 49                lsrd
 008E 7B0157            stab 0x157
 0091                   .dbline 116
 0091           ;       //CANIDMR3 = (UNSIGNED8) (((ID_Mask & 0x07) << 5) | 0x1F);
 0091           ;   
 0091           ;         CANIDAR3 = (UNSIGNED8) (ID_Match >> 3);
 0091 EC89              ldd 9,S
 0093 49                lsrd
 0094 49                lsrd
 0095 49                lsrd
 0096 7B0153            stab 0x153
 0099                   .dbline 118
 0099           ;         //CANIDAR3 = (UNSIGNED8) (ID_Match & 0x07) << 5;
 0099           ;       break;          
 0099 2046              bra L7
 009B           L13:
 009B                   .dbline 122
 009B           ;               
 009B           ;       case 4:
 009B           ;       
 009B           ;       CANIDMR4 = (UNSIGNED8) (ID_Mask >> 3);
 009B EC87              ldd 7,S
 009D 49                lsrd
 009E 49                lsrd
 009F 49                lsrd
 00A0 7B015C            stab 0x15c
 00A3                   .dbline 125
 00A3           ;       //CANIDMR4 = (UNSIGNED8) (((ID_Mask & 0x07) << 5) | 0x1F);
 00A3           ;   
 00A3           ;         CANIDAR4 = (UNSIGNED8) (ID_Match >> 3);
 00A3 EC89              ldd 9,S
 00A5 49                lsrd
 00A6 49                lsrd
 00A7 49                lsrd
 00A8 7B0158            stab 0x158
 00AB                   .dbline 127
 00AB           ;         //CANIDAR4 = (UNSIGNED8) (ID_Match & 0x07) << 5;
 00AB           ;       break;          
 00AB 2034              bra L7
 00AD           L14:
 00AD                   .dbline 131
 00AD           ;               
 00AD           ;       case 5:
 00AD           ;       
 00AD           ;       CANIDMR5 = (UNSIGNED8) (ID_Mask >> 3);
 00AD EC87              ldd 7,S
 00AF 49                lsrd
 00B0 49                lsrd
 00B1 49                lsrd
 00B2 7B015D            stab 0x15d
 00B5                   .dbline 134
 00B5           ;       //CANIDMR5 = (UNSIGNED8) (((ID_Mask & 0x07) << 5) | 0x1F);
 00B5           ;   
 00B5           ;         CANIDAR5 = (UNSIGNED8) (ID_Match >> 3);
 00B5 EC89              ldd 9,S
 00B7 49                lsrd
 00B8 49                lsrd
 00B9 49                lsrd
 00BA 7B0159            stab 0x159
 00BD                   .dbline 136
 00BD           ;         //CANIDAR5 = (UNSIGNED8) (ID_Match & 0x07) << 5;
 00BD           ;       break;          
 00BD 2022              bra L7
 00BF           L15:
 00BF                   .dbline 140
 00BF           ;               
 00BF           ;       case 6:
 00BF           ;       
 00BF           ;       CANIDMR6 = (UNSIGNED8) (ID_Mask >> 3);
 00BF EC87              ldd 7,S
 00C1 49                lsrd
 00C2 49                lsrd
 00C3 49                lsrd
 00C4 7B015E            stab 0x15e
 00C7                   .dbline 143
 00C7           ;       //CANIDMR6 = (UNSIGNED8) (((ID_Mask & 0x07) << 5) | 0x1F);
 00C7           ;   
 00C7           ;         CANIDAR6 = (UNSIGNED8) (ID_Match >> 3);
 00C7 EC89              ldd 9,S
 00C9 49                lsrd
 00CA 49                lsrd
 00CB 49                lsrd
 00CC 7B015A            stab 0x15a
 00CF                   .dbline 145
 00CF           ;         //CANIDAR6 = (UNSIGNED8) (ID_Match & 0x07) << 5;
 00CF           ;       break;          
 00CF 2010              bra L7
 00D1           L16:
 00D1                   .dbline 149
 00D1           ;               
 00D1           ;       case 7:
 00D1           ;       
 00D1           ;       CANIDMR7 = (UNSIGNED8) (ID_Mask >> 3);
 00D1 EC87              ldd 7,S
 00D3 49                lsrd
 00D4 49                lsrd
 00D5 49                lsrd
 00D6 7B015F            stab 0x15f
 00D9                   .dbline 152
 00D9           ;       //CANIDMR7 = (UNSIGNED8) (((ID_Mask & 0x07) << 5) | 0x1F);
 00D9           ;   
 00D9           ;         CANIDAR7 = (UNSIGNED8) (ID_Match >> 3);
 00D9 EC89              ldd 9,S
 00DB 49                lsrd
 00DC 49                lsrd
 00DD 49                lsrd
 00DE 7B015B            stab 0x15b
 00E1                   .dbline 154
 00E1           ;         //CANIDAR7 = (UNSIGNED8) (ID_Match & 0x07) << 5;
 00E1           ;       break;          
 00E1           L6:
 00E1           L7:
 00E1                   .dbline -2
 00E1           L5:
 00E1                   .dbline 0 ; func end
 00E1 1B84              leas 4,S
 00E3 0A                rtc
 00E4                   .dbsym l ID_Match 9 i
 00E4                   .dbsym l ID_Mask 7 i
 00E4                   .dbsym l Screener 3 c
 00E4                   .dbend
 00E4                   .dbfunc e MCOHW_PullMessage _MCOHW_PullMessage fc
 00E4                   .dbstruct 0 12 .1
 00E4                   .dbfield 0 ID i
 00E4                   .dbfield 2 LEN c
 00E4                   .dbfield 3 dummy32bit c
 00E4                   .dbfield 4 BUF A[8:8]c
 00E4                   .dbend
 00E4           ;     Identifier -> 2,SP
 00E4           ;         Length -> 6,SP
 00E4           ;              i -> 7,SP
 00E4           ;    pReceiveBuf -> 8,SP
 00E4           $_MCOHW_PullMessage::
 00E4 3B                pshd
 00E5 1B98              leas -8,S
 00E7                   .dbline -1
 00E7                   .dbline 244
 00E7           ;   }
 00E7           ; }
 00E7           ; 
 00E7           ; 
 00E7           ; /**************************************************************************
 00E7           ; DOES:    Sets one of the eight screeners (acceptance filters) of
 00E7           ;          the CAN controller.
 00E7           ; CAUTION: Does assume the screeners are set-up to be used as "eight
 00E7           ;          short filters for upper 8 bits of short message"
 00E7           ; RETURNS: nothing
 00E7           ; **************************************************************************/
 00E7           ; /*
 00E7           ; void set_screener_std
 00E7           ;   (
 00E7           ;   UNSIGNED8 Screener,  // 1 - 4, one of the four screeners
 00E7           ;   UNSIGNED8 ID_Mask,   // Bit set: corresponding bit in ID is don't care
 00E7           ;                   // Bit clear: corresponding bit in ID must match ID_Match
 00E7           ;   UNSIGNED8 ID_Match  // ID_Match - Match/Code value for ID
 00E7           ;   ) 
 00E7           ;   //darrell
 00E7           ;   //The following arguments are not used, this has been modified for 16 bit filters                                           
 00E7           ;   //UNSIGNED8 B1_Mask,   // Bit set: cor. bit in data byte 1 is don't care
 00E7           ;                   // Bit clear: cor. bit in data byte 1 must match B1_Match
 00E7           ;   //UNSIGNED8 B1_Match,  // Match/Code value for data byte 1
 00E7           ;   //UNSIGNED8 B2_Mask,   // Bit set: cor. bit in data byte 2 is don't care
 00E7           ;                   // Bit clear: cor. bit in data byte 2 must match B2_Match
 00E7           ;   //UNSIGNED8 B2_Match   // Match/Code value for data byte 2
 00E7           ;   //)
 00E7           ; {
 00E7           ;    // ensure 0 <= screener <= 7
 00E7           ;   Screener -= 1;
 00E7           ;   Screener &= 0x7;
 00E7           ; 
 00E7           ;   switch (Screener)
 00E7           ;   {
 00E7           ;       case 0:
 00E7           ;       CANIDMR0 = (UNSIGNED8) (ID_Mask >> 3);
 00E7           ;         CANIDAR0 = (UNSIGNED8) (ID_Match >> 3);
 00E7           ;       break;
 00E7           ;       
 00E7           ;       case 1: 
 00E7           ;       CANIDMR1 = (UNSIGNED8) (ID_Mask >> 3);
 00E7           ;         CANIDAR1 = (UNSIGNED8) (ID_Match >> 3);
 00E7           ;       break;
 00E7           ;               
 00E7           ;       case 2:
 00E7           ;       CANIDMR2 = (UNSIGNED8) (ID_Mask >> 3);
 00E7           ;         CANIDAR2 = (UNSIGNED8) (ID_Match >> 3);
 00E7           ;       break;
 00E7           ;               
 00E7           ;       case 3:
 00E7           ;       CANIDMR3 = (UNSIGNED8) (ID_Mask >> 3);
 00E7           ;         CANIDAR3 = (UNSIGNED8) (ID_Match >> 3);
 00E7           ;       break;  
 00E7           ;               
 00E7           ;       case 4:
 00E7           ;       CANIDMR4 = (UNSIGNED8) (ID_Mask >> 3);    
 00E7           ;         CANIDAR4 = (UNSIGNED8) (ID_Match >> 3);
 00E7           ;       break;
 00E7           ;       
 00E7           ;       case 5:
 00E7           ;       CANIDMR5 = (UNSIGNED8) (ID_Mask >> 3);
 00E7           ;         CANIDAR5 = (UNSIGNED8) (ID_Match >> 3);
 00E7           ;       break;
 00E7           ;               
 00E7           ;       case 6:
 00E7           ;       CANIDMR6 = (UNSIGNED8) (ID_Mask >> 3);
 00E7           ;         CANIDAR6 = (UNSIGNED8) (ID_Match >> 3);
 00E7           ;       break;
 00E7           ;               
 00E7           ;       case 7:
 00E7           ;       CANIDMR7 = (UNSIGNED8) (ID_Mask >> 3);
 00E7           ;         CANIDAR7 = (UNSIGNED8) (ID_Match >> 3);
 00E7           ;       break;          
 00E7           ;   }
 00E7           ; }
 00E7           ; */
 00E7           ; 
 00E7           ; /**************************************************************************
 00E7           ; DOES:    Gets the next received CAN message and places it in
 00E7           ;          a receive buffer                                         
 00E7           ; RETURNS: 0 if no message received, 1 if message received and      
 00E7           ;          copied to the buffer                                     
 00E7           ; **************************************************************************/
 00E7           ; UNSIGNED8 MCOHW_PullMessage
 00E7           ;   (
 00E7           ;   CAN_MSG *pReceiveBuf  // pointer to a single message sized buffer
 00E7           ;                                 // to hold the received message
 00E7           ;   )
 00E7           ; {
 00E7                   .dbline 251
 00E7           ;   // variable declarations
 00E7           ;   UNSIGNED32 Identifier;
 00E7           ;   UNSIGNED8  Length;
 00E7           ;   UNSIGNED8  i;
 00E7           ; 
 00E7           ;   // Check the CAN status register for received message
 00E7           ;   if ( CANRFLG & 0x01)
 00E7 1F01440102        brclr 0x144,#1,X0
 00EC 2004              bra X1
 00EE 182000A0  X0: lbra L18
 00F2           X1:
 00F2                   .dbline 252
 00F2           ;   {
 00F2                   .dbline 255
 00F2           ;     // Message received!
 00F2           ; 
 00F2           ;     Identifier   = (UNSIGNED32)CANRXIDR0;
 00F2 F60160            ldab 0x160
 00F5 87                clra
 00F6 160000            jsr int2long
 00F9 3A                puld
 00FA 6C84              std 4,S
 00FC 3A                puld
 00FD 6C84              std 4,S
 00FF                   .dbline 256
 00FF           ;     Identifier <<= 8;
 00FF EC84              ldd 4,S
 0101 3B                pshd
 0102 EC84              ldd 4,S
 0104 3B                pshd
 0105 CC0008            ldd #8
 0108 160000            jsr lsl4
 010B 3A                puld
 010C 6C84              std 4,S
 010E 3A                puld
 010F 6C84              std 4,S
 0111                   .dbline 257
 0111           ;     Identifier  |= (UNSIGNED32) CANRXIDR1;
 0111 EC84              ldd 4,S
 0113 3B                pshd
 0114 EC84              ldd 4,S
 0116 3B                pshd
 0117 F60161            ldab 0x161
 011A 87                clra
 011B 160000            jsr int2long
 011E 160000            jsr or4
 0121 3A                puld
 0122 6C84              std 4,S
 0124 3A                puld
 0125 6C84              std 4,S
 0127                   .dbline 258
 0127           ;     Identifier >>= 5;
 0127 EC84              ldd 4,S
 0129 3B                pshd
 012A EC84              ldd 4,S
 012C 3B                pshd
 012D CC0005            ldd #5
 0130 160000            jsr lsr4
 0133 3A                puld
 0134 6C84              std 4,S
 0136 3A                puld
 0137 6C84              std 4,S
 0139                   .dbline 260
 0139           ;       
 0139           ;       Length = (CANRXDLR & 0x0f);
 0139 F6016C            ldab 0x16c
 013C C40F              andb #15
 013E 6B86              stab 6,S
 0140                   .dbline 261
 0140           ;       for ( i = 0; i < Length; i++ )
 0140 6987              clr 7,S
 0142 201E              bra L23
 0144           L20:
 0144                   .dbline 262
 0144           ;               *(UNSIGNED8 *)(pReceiveBuf->BUF+i) = *(&CANRXDSR0 + i);         /* Get received data */
 0144 EC88              ldd 8,S
 0146 C30004            addd #4
 0149 B746              tfr D,Y
 014B E687              ldab 7,S
 014D 87                clra
 014E 6D80              sty 0,S
 0150 E380              addd 0,S
 0152 B746              tfr D,Y
 0154 E687              ldab 7,S
 0156 87                clra
 0157 C30164            addd #356
 015A B745              tfr D,X
 015C E600              ldab 0,X
 015E 6B40              stab 0,Y
 0160           L21:
 0160                   .dbline 261
 0160 6287              inc 7,S
 0162           L23:
 0162                   .dbline 261
 0162 E687              ldab 7,S
 0164 E186              cmpb 6,S
 0166 25DC              blo L20
 0168                   .dbline 263
 0168           ;       CANRFLG = 0x01;                                                                                                                 /* Clear RXF */
 0168 180B010144        movb #1,0x144
 016D                   .dbline 265
 016D           ; 
 016D           ;     pReceiveBuf->ID = Identifier;
 016D EC84              ldd 4,S
 016F 3B                pshd
 0170 EC84              ldd 4,S
 0172 3B                pshd
 0173 1B82              leas 2,S
 0175 31                puly
 0176 EE88              ldx 8,S
 0178 6D00              sty 0,X
 017A                   .dbline 266
 017A           ;     pReceiveBuf->LEN = Length;
 017A E686              ldab 6,S
 017C B716              tfr B,Y
 017E EC88              ldd 8,S
 0180 C30002            addd #2
 0183 B745              tfr D,X
 0185 B761              tfr Y,B
 0187 6B00              stab 0,X
 0189                   .dbline 269
 0189           ;       
 0189           ;       // release receive buffer
 0189           ;       CANRFLG |= 0x01;
 0189 1C014401          bset 0x144,#1
 018D                   .dbline 271
 018D           ;           // return 1, message received
 018D           ;     return (1);
 018D CC0001            ldd #1
 0190 2003              bra L17
 0192           L18:
 0192                   .dbline 274
 0192           ;   }
 0192           ;   else 
 0192           ;   {
 0192                   .dbline 276
 0192           ;     // return 0, no message received
 0192           ;     return (0);
 0192 CC0000            ldd #0
 0195                   .dbline -2
 0195           L17:
 0195                   .dbline 0 ; func end
 0195 1B8A              leas 10,S
 0197 0A                rtc
 0198                   .dbsym l Identifier 2 l
 0198                   .dbsym l Length 6 c
 0198                   .dbsym l i 7 c
 0198                   .dbsym l pReceiveBuf 8 pS[.1]
 0198                   .dbend
 0198                   .dbfunc e MCOHW_PushMessage _MCOHW_PushMessage fc
 0198           ;     Identifier -> 2,SP
 0198           ;       priority -> 6,SP
 0198           ;         Length -> 7,SP
 0198           ;       txbuffer -> 8,SP
 0198           ;              i -> 9,SP
 0198           ;   pTransmitBuf -> 10,SP
 0198           $_MCOHW_PushMessage::
 0198 3B                pshd
 0199 1B96              leas -10,S
 019B                   .dbline -1
 019B                   .dbline 291
 019B           ;   }
 019B           ;   
 019B           ; }
 019B           ; 
 019B           ; /**************************************************************************
 019B           ; DOES:    Transmits a CAN message                                  
 019B           ; RETURNS: 0 if the message could not be transmitted, 1 if the      
 019B           ;          message was transmitted                                  
 019B           ; **************************************************************************/
 019B           ; UNSIGNED8 MCOHW_PushMessage
 019B           ;   (
 019B           ;   CAN_MSG *pTransmitBuf  // pointer to buffer containing CAN
 019B           ;                                  // message to transmit
 019B           ;   )
 019B           ; {
 019B                   .dbline 294
 019B           ;  
 019B           ;   unsigned char txbuffer;
 019B           ;   unsigned char priority = 0;
 019B 6986              clr 6,S
 019D                   .dbline 304
 019D           ;   // CAN message identifier
 019D           ;   UNSIGNED32 Identifier;
 019D           ;   // length of data frame
 019D           ;   UNSIGNED8  Length;
 019D           ;   // local loop counter
 019D           ;   UNSIGNED8  i;
 019D           ; 
 019D           ;       
 019D           ;     // Prepare length code and identifier.
 019D           ;       Length     = pTransmitBuf->LEN;
 019D EC8A              ldd 10,S
 019F C30002            addd #2
 01A2 B746              tfr D,Y
 01A4 180A4087          movb 0,Y,7,S
 01A8                   .dbline 305
 01A8           ;       Identifier = (pTransmitBuf->ID << 5);
 01A8 CE0005            ldx #5
 01AB ECF3000A          ldd [10,S]
 01AF 160000            jsr lsl16
 01B2 B746              tfr D,Y
 01B4 35                pshy
 01B5 1800AE0000        movw #0,2,-S
 01BA 3A                puld
 01BB 6C84              std 4,S
 01BD 3A                puld
 01BE 6C84              std 4,S
 01C0                   .dbline 309
 01C0           ; 
 01C0           ;       
 01C0           ;     // Wait until write access to CAN controller buffer is allowed 
 01C0           ;       Timer1 = .5 * RTI_One_Sec;
 01C0 180301E80000      movw #488,_Timer1
 01C6           L25:
 01C6                   .dbline 310
 01C6           ;       while ( !CANTFLG   && Timer1 );                                                  /* Is Transmit Buffer full?? */
 01C6           L26:
 01C6                   .dbline 310
 01C6 F60146            ldab 0x146
 01C9 C100              cmpb #0
 01CB 2608              bne L28
 01CD FD0000            ldy _Timer1
 01D0 8D0000            cpy #0
 01D3 26F1              bne L25
 01D5           L28:
 01D5                   .dbline 311
 01D5           ;       if ( !CANTFLG )                                                                                  /* Is Transmit Buffer full?? */
 01D5 F60146            ldab 0x146
 01D8 C100              cmpb #0
 01DA 2611              bne L29
 01DC                   .dbline 312
 01DC           ;       {
 01DC                   .dbline 313
 01DC           ;        ARMCOP = 0x55;   
 01DC 180B55003F        movb #85,0x3f
 01E1                   .dbline 314
 01E1           ;        ARMCOP = 0xAA;
 01E1 180BAA003F        movb #170,0x3f
 01E6                   .dbline 315
 01E6           ;          return 0;
 01E6 CC0000            ldd #0
 01E9 1820008E          lbra L24
 01ED           L29:
 01ED                   .dbline 318
 01ED           ;       }
 01ED           ;          
 01ED           ;       CANTBSEL = CANTFLG;                                                                      /* Select lowest empty buffer */
 01ED 180C0146014A      movb 0x146,0x14a
 01F3                   .dbline 319
 01F3           ;       txbuffer = CANTBSEL;                                                             /* Backup selected buffer */
 01F3 180988014A        movb 0x14a,8,S
 01F8                   .dbline 321
 01F8           ;       
 01F8           ;       *((unsigned int *) ((unsigned int)(&CANTXIDR0))) = (unsigned int)Identifier;
 01F8 EC84              ldd 4,S
 01FA 3B                pshd
 01FB EC84              ldd 4,S
 01FD 3B                pshd
 01FE 1B82              leas 2,S
 0200 31                puly
 0201 7D0170            sty 0x170
 0204                   .dbline 324
 0204           ;       //darrell was --> *((unsigned long *) ((unsigned long)(&CANTXIDR0))) = (unsigned int)Identifier;
 0204           ;       
 0204           ;       for ( i = 0; i < Length; i++ )
 0204 6989              clr 9,S
 0206 2022              bra L34
 0208           L31:
 0208                   .dbline 325
 0208           ;       {
 0208                   .dbline 326
 0208           ;               *(&CANTXDSR0 + i) = *(UNSIGNED8 *)(pTransmitBuf->BUF+i);  /* Load data to Tx buffer 
 0208 EC8A              ldd 10,S
 020A C30004            addd #4
 020D B746              tfr D,Y
 020F E689              ldab 9,S
 0211 87                clra
 0212 6D80              sty 0,S
 0214 E380              addd 0,S
 0216 B746              tfr D,Y
 0218 E640              ldab 0,Y
 021A B716              tfr B,Y
 021C E689              ldab 9,S
 021E 87                clra
 021F C30174            addd #372
 0222 B745              tfr D,X
 0224 B761              tfr Y,B
 0226 6B00              stab 0,X
 0228                   .dbline 329
 0228           ;                                                                                                                                  * Data Segment Registers
 0228           ;                                                                                                                                  */
 0228           ;       }
 0228           L32:
 0228                   .dbline 324
 0228 6289              inc 9,S
 022A           L34:
 022A                   .dbline 324
 022A E689              ldab 9,S
 022C E187              cmpb 7,S
 022E 25D8              blo L31
 0230                   .dbline 331
 0230           ;       
 0230           ;       CANTXDLR = Length;                                                                       /* Set Data Length Code */ 
 0230 180D87017C        movb 7,S,0x17c
 0235                   .dbline 332
 0235           ;       CANTXTBPR = priority;                                                            /* Set priority */
 0235 180D86017D        movb 6,S,0x17d
 023A                   .dbline 334
 023A           ;       
 023A           ;       CANTFLG = txbuffer;                                                                      /* Start transmission */
 023A 180D880146        movb 8,S,0x146
 023F                   .dbline 336
 023F           ;       
 023F           ;       Timer1 = .5 * RTI_One_Sec;
 023F 180301E80000      movw #488,_Timer1
 0245           L35:
 0245                   .dbline 337
 0245           ;       while ( ((CANTFLG & txbuffer) != txbuffer || (CANCTL0 & 0x01)) && Timer1 );               /* Wait for Transmission */
 0245           L36:
 0245                   .dbline 337
 0245 F60146            ldab 0x146
 0248 E488              andb 8,S
 024A E188              cmpb 8,S
 024C 2605              bne L39
 024E 1F01400108        brclr 0x140,#1,L38
 0253           L39:
 0253 FD0000            ldy _Timer1
 0256 8D0000            cpy #0
 0259 26EA              bne L35
 025B           L38:
 025B                   .dbline 339
 025B           ;       //Gen_Flags &= ~Gen_Flags_No2Wire;   
 025B           ;       if ( !Timer1 || !(CANCTL1 & 0x80) )
 025B FD0000            ldy _Timer1
 025E 8D0000            cpy #0
 0261 2707              beq L42
 0263 F60141            ldab 0x141
 0266 C580              bitb #128
 0268 260E              bne L40
 026A           L42:
 026A                   .dbline 340
 026A           ;       {
 026A                   .dbline 341
 026A           ;         ARMCOP = 0x55;   
 026A 180B55003F        movb #85,0x3f
 026F                   .dbline 342
 026F           ;         ARMCOP = 0xAA;
 026F 180BAA003F        movb #170,0x3f
 0274                   .dbline 343
 0274           ;           Gen_Flags |= Gen_Flags_No2Wire;   
 0274 1C000020          bset _Gen_Flags,#32
 0278                   .dbline 344
 0278           ;       }                                                                                                                 /* completion  */
 0278           L40:
 0278                   .dbline 346
 0278           ; 
 0278           ;       return 1;                                                                                                                                                                                                                
 0278 CC0001            ldd #1
 027B                   .dbline -2
 027B           L24:
 027B                   .dbline 0 ; func end
 027B 1B8C              leas 12,S
 027D 0A                rtc
 027E                   .dbsym l Identifier 2 l
 027E                   .dbsym l priority 6 c
 027E                   .dbsym l Length 7 c
 027E                   .dbsym l txbuffer 8 c
 027E                   .dbsym l i 9 c
 027E                   .dbsym l pTransmitBuf 10 pS[.1]
 027E                   .dbend
 027E                   .dbfunc e MCOHW_GetTime _MCOHW_GetTime fi
 027E           ;            tmp -> 0,SP
 027E           $_MCOHW_GetTime::
 027E 1B9E              leas -2,S
 0280                   .dbline -1
 0280                   .dbline 359
 0280           ; 
 0280           ; 
 0280           ; }
 0280           ; 
 0280           ; /**************************************************************************
 0280           ; DOES:    Gets the value of the current 1 millisecond system timer 
 0280           ; RETURNS: The current timer tick                                   
 0280           ; **************************************************************************/
 0280           ; UNSIGNED16 MCOHW_GetTime
 0280           ;   (
 0280           ;   void
 0280           ;   )
 0280           ; {
 0280                   .dbline 363
 0280           ;   UNSIGNED16 tmp;
 0280           ; 
 0280           ;   // disable interrupts
 0280           ;   INTR_OFF();
 0280 1410              sei
 0282                   .dbline 366
 0282           ; 
 0282           ;   // make copy of current timer tick
 0282           ;   tmp = gTimCnt;
 0282 1801800000        movw _gTimCnt,0,S
 0287                   .dbline 369
 0287           ; 
 0287           ;   // enable interrupts
 0287           ;   INTR_ON();
 0287 10EF              cli
 0289                   .dbline 371
 0289           ; 
 0289           ;   return tmp;
 0289 EC80              ldd 0,S
 028B                   .dbline -2
 028B           L43:
 028B                   .dbline 0 ; func end
 028B 1B82              leas 2,S
 028D 0A                rtc
 028E                   .dbsym l tmp 0 i
 028E                   .dbend
 028E                   .dbfunc e MCOHW_IsTimeExpired _MCOHW_IsTimeExpired fc
 028E           ;       time_now -> 0,SP
 028E           ;      timestamp -> 2,SP
 028E           $_MCOHW_IsTimeExpired::
 028E 3B                pshd
 028F 1B9E              leas -2,S
 0291                   .dbline -1
 0291                   .dbline 383
 0291           ; }
 0291           ; 
 0291           ; /**************************************************************************
 0291           ; DOES:    Checks if a moment in time has passed (a timestamp has expired)
 0291           ; RETURNS: 0 if timestamp has not yet expired, 1 if the             
 0291           ;          timestamp has expired                                    
 0291           ; **************************************************************************/
 0291           ; UNSIGNED8 MCOHW_IsTimeExpired
 0291           ;   (
 0291           ;   UNSIGNED16 timestamp  // timestamp to check for expiration
 0291           ;   )
 0291           ; {
 0291                   .dbline 387
 0291           ;   UNSIGNED16 time_now;
 0291           ; 
 0291           ;   // disable interrupts
 0291           ;   INTR_OFF();
 0291 1410              sei
 0293                   .dbline 389
 0293           ;   // get current time
 0293           ;   time_now = gTimCnt;
 0293 1801800000        movw _gTimCnt,0,S
 0298                   .dbline 391
 0298           ;   // enable interrupts
 0298           ;   INTR_ON();
 0298 10EF              cli
 029A                   .dbline 393
 029A           ;   // ensure minimum runtime
 029A           ;   timestamp++;
 029A ED82              ldy 2,S
 029C 02                iny
 029D 6D82              sty 2,S
 029F                   .dbline 394
 029F           ;   if (time_now > timestamp)
 029F ED80              ldy 0,S
 02A1 AD82              cpy 2,S
 02A3 2313              bls L45
 02A5                   .dbline 395
 02A5           ;   {
 02A5                   .dbline 396
 02A5           ;     if ((time_now - timestamp) < 0x8000)
 02A5 EC80              ldd 0,S
 02A7 A382              subd 2,S
 02A9 8C8000            cpd #32768
 02AC 2405              bhs L47
 02AE                   .dbline 397
 02AE           ;       return 1;
 02AE CC0001            ldd #1
 02B1 2016              bra L44
 02B3           L47:
 02B3                   .dbline 399
 02B3           ;     else
 02B3           ;       return 0;
 02B3 CC0000            ldd #0
 02B6 2011              bra L44
 02B8           L45:
 02B8                   .dbline 402
 02B8           ;   }
 02B8           ;   else
 02B8           ;   {
 02B8                   .dbline 403
 02B8           ;     if ((timestamp - time_now) > 0x8000)
 02B8 EC82              ldd 2,S
 02BA A380              subd 0,S
 02BC 8C8000            cpd #32768
 02BF 2305              bls L49
 02C1                   .dbline 404
 02C1           ;       return 1;
 02C1 CC0001            ldd #1
 02C4 2003              bra L44
 02C6           L49:
 02C6                   .dbline 406
 02C6           ;     else
 02C6           ;       return 0;
 02C6 CC0000            ldd #0
 02C9                   .dbline -2
 02C9           L44:
 02C9                   .dbline 0 ; func end
 02C9 1B84              leas 4,S
 02CB 0A                rtc
 02CC                   .dbsym l time_now 0 i
 02CC                   .dbsym l timestamp 2 i
 02CC                   .dbend
 02CC                   .dbfunc e MCOHW_TimerISR _MCOHW_TimerISR fV
 02CC           $_MCOHW_TimerISR::
 02CC                   .dbline -1
 02CC                   .dbline 421
 02CC           ;   }
 02CC           ; }
 02CC           ; 
 02CC           ; /**************************************************************************
 02CC           ; DOES:    Timer interrupt service routine                          
 02CC           ;          Increments the global millisecond counter tick           
 02CC           ;          This function needs to be called once every millisecond  
 02CC           ; RETURNS: nothing
 02CC           ; NOTE:    See TC3_Int_Handler                                                     
 02CC           ; **************************************************************************/
 02CC           ; void MCOHW_TimerISR
 02CC           ;   (
 02CC           ;   void
 02CC           ;   ) 
 02CC           ; {
 02CC                   .dbline 422
 02CC           ;   gTimCnt++;
 02CC FD0000            ldy _gTimCnt
 02CF 02                iny
 02D0 7D0000            sty _gTimCnt
 02D3                   .dbline -2
 02D3           L51:
 02D3                   .dbline 0 ; func end
 02D3 0A                rtc
 02D4                   .dbend
 02D4                   .dbfunc e MCOHW_Init _MCOHW_Init fc
 02D4           ;     baudrateok -> 0,SP
 02D4           ;              i -> 1,SP
 02D4           ;       BaudRate -> 2,SP
 02D4           $_MCOHW_Init::
 02D4 3B                pshd
 02D5 1B9E              leas -2,S
 02D7                   .dbline -1
 02D7                   .dbline 435
 02D7           ; }
 02D7           ; 
 02D7           ; /**************************************************************************
 02D7           ; DOES:    Initializes the CAN interface.                           
 02D7           ; CAUTION: Does not initialize filters - nothing will be received   
 02D7           ;          unless screeners are set using set_screener_std          
 02D7           ; RETURNS: 0 for failed init, 1 for successful init                 
 02D7           ; **************************************************************************/
 02D7           ; UNSIGNED8 MCOHW_Init
 02D7           ;   (
 02D7           ;   UNSIGNED16 BaudRate  // desired baudrate in kbps
 02D7           ;   )
 02D7           ; {
 02D7                   .dbline 438
 02D7           ; 
 02D7           ; UNSIGNED8 i;
 02D7           ; UNSIGNED8 baudrateok = 0;
 02D7 6980              clr 0,S
 02D9                   .dbline 440
 02D9           ; 
 02D9           ;       CANCTL0 = 0x01;
 02D9 180B010140        movb #1,0x140
 02DE                   .dbline 441
 02DE           ;       Timer1 = .5 * RTI_One_Sec;
 02DE 180301E80000      movw #488,_Timer1
 02E4 200A              bra L54
 02E6           L53:
 02E6                   .dbline 443
 02E6           ;       while ( !(CANCTL1 & 0x01) && Timer1 )
 02E6           ;       {
 02E6                   .dbline 444
 02E6           ;        ARMCOP = 0x55;   
 02E6 180B55003F        movb #85,0x3f
 02EB                   .dbline 445
 02EB           ;        ARMCOP = 0xAA;
 02EB 180BAA003F        movb #170,0x3f
 02F0                   .dbline 446
 02F0           ;       }
 02F0           L54:
 02F0                   .dbline 442
 02F0 F60141            ldab 0x141
 02F3 C501              bitb #1
 02F5 2608              bne L56
 02F7 FD0000            ldy _Timer1
 02FA 8D0000            cpy #0
 02FD 26E7              bne L53
 02FF           L56:
 02FF                   .dbline 448
 02FF           ;       
 02FF           ;       CANCTL1 = 0x80;//CANCTL1 = 0xa0;
 02FF 180B800141        movb #128,0x141
 0304                   .dbline 449
 0304           ;       CANBTR0 = 0xc1;
 0304 180BC10142        movb #193,0x142
 0309                   .dbline 450
 0309           ;       CANBTR1 = 0x3a;
 0309 180B3A0143        movb #58,0x143
 030E                   .dbline 453
 030E           ; 
 030E           ;   // This version only supports 125kbit at 12MHz
 030E           ;   if (BaudRate == 125)
 030E ED82              ldy 2,S
 0310 8D007D            cpy #125
 0313 260E              bne L57
 0315                   .dbline 454
 0315           ;   {
 0315                   .dbline 458
 0315           ;      // BTR0 and BTR1 determine the baudrate and sample point position
 0315           ;      // set address to BTR0 register
 0315           ;       //CANBTR0 = 0x41; // 250Kbaud
 0315           ;       CANBTR0 = 0x43;
 0315 180B430142        movb #67,0x142
 031A                   .dbline 459
 031A           ;       CANBTR1 = 0x49;
 031A 180B490143        movb #73,0x143
 031F                   .dbline 462
 031F           ;  
 031F           ;      // the baudrate is supported
 031F           ;     baudrateok = 1;
 031F 18088001          movb #1,0,S
 0323                   .dbline 463
 0323           ;   }
 0323           L57:
 0323                   .dbline 466
 0323           ; 
 0323           ;   // no filters configured
 0323           ;   gCANFilter = 0;
 0323 790002            clr _gCANFilter
 0326                   .dbline 469
 0326           ; 
 0326           ;   // Clear all acceptance filters and masks, receive nothing
 0326           ;   for(i=1;i<=16;i++) *(&CANIDAR0 + i) = 0;
 0326 18088101          movb #1,1,S
 032A 2011              bra L62
 032C           L59:
 032C                   .dbline 469
 032C CD0000            ldy #0
 032F E681              ldab 1,S
 0331 87                clra
 0332 C30150            addd #336
 0335 B745              tfr D,X
 0337 B761              tfr Y,B
 0339 6B00              stab 0,X
 033B           L60:
 033B                   .dbline 469
 033B 6281              inc 1,S
 033D           L62:
 033D                   .dbline 469
 033D E681              ldab 1,S
 033F C110              cmpb #16
 0341 23E9              bls L59
 0343                   .dbline 474
 0343           ; 
 0343           ;   // Set acceptance filter mode to accept standard frames with single
 0343           ;   // acceptance filter.
 0343           ;   //darrell change to 8 bit acceptance                                                    
 0343           ;   ;CANIDAC = 0x20;
 0343                   .dbline 474
 0343 180B20014B        movb #32,0x14b
 0348                   .dbline 477
 0348           ; 
 0348           ;   // release CAN controller
 0348           ;     CANCTL0 = 0x00;                                                                            /* Exit Initialization Mode Request */
 0348 790140            clr 0x140
 034B                   .dbline 478
 034B           ;       Timer1 = .5 * RTI_One_Sec;
 034B 180301E80000      movw #488,_Timer1
 0351 200A              bra L64
 0353           L63:
 0353                   .dbline 480
 0353           ;       while ( (CANCTL1 & 0x01) != 0 && Timer1)                                                 /* Wait for Normal Mode */
 0353           ;       {
 0353                   .dbline 481
 0353           ;        ARMCOP = 0x55;   
 0353 180B55003F        movb #85,0x3f
 0358                   .dbline 482
 0358           ;        ARMCOP = 0xAA;
 0358 180BAA003F        movb #170,0x3f
 035D                   .dbline 483
 035D           ;       }
 035D           L64:
 035D                   .dbline 479
 035D 1F01410108        brclr 0x141,#1,L66
 0362 FD0000            ldy _Timer1
 0365 8D0000            cpy #0
 0368 26E9              bne L63
 036A           L66:
 036A                   .dbline 486
 036A           ;   
 036A           ;       // Initialize 1ms Timer interrupt 
 036A           ;       TC3 = TCNT + TC_1ms;
 036A FC0044            ldd 0x44
 036D C302ED            addd #749
 0370 B746              tfr D,Y
 0372 7D0056            sty 0x56
 0375                   .dbline 487
 0375           ;       TIE |= TIE_C3I;
 0375 1C004C08          bset 0x4c,#8
 0379                   .dbline 490
 0379           ;       
 0379           ; 
 0379           ;   return baudrateok;
 0379 E680              ldab 0,S
 037B 87                clra
 037C                   .dbline -2
 037C           L52:
 037C                   .dbline 0 ; func end
 037C 1B84              leas 4,S
 037E 0A                rtc
 037F                   .dbsym l baudrateok 0 c
 037F                   .dbsym l i 1 c
 037F                   .dbsym l BaudRate 2 i
 037F                   .dbend
                        .area data
 0003                   .dbfile C:\Users\vbenton.crtsglobal\Desktop\temp\REV3~1.25\SOURCE~1\mcohw.c
 0003           _setFilters::
 0003                   .blkb 2
                        .area idata
 0003 8080              .byte 128,128
                        .area data
 0005                   .dbfile C:\Users\vbenton.crtsglobal\Desktop\temp\REV3~1.25\SOURCE~1\mcohw.c
 0005                   .blkb 2
                        .area idata
 0005 8080              .byte 128,128
                        .area data
 0007                   .dbfile C:\Users\vbenton.crtsglobal\Desktop\temp\REV3~1.25\SOURCE~1\mcohw.c
 0007                   .blkb 2
                        .area idata
 0007 8080              .byte 128,128
                        .area data
 0009                   .dbfile C:\Users\vbenton.crtsglobal\Desktop\temp\REV3~1.25\SOURCE~1\mcohw.c
 0009                   .blkb 2
                        .area idata
 0009 8080              .byte 128,128
                        .area data
 000B                   .dbfile C:\Users\vbenton.crtsglobal\Desktop\temp\REV3~1.25\SOURCE~1\mcohw.c
 000B                   .dbsym e setFilters _setFilters A[8:8]c
                        .area extcode(paged)
 037F                   .dbfile C:\Users\vbenton.crtsglobal\Desktop\temp\REV3~1.25\SOURCE~1\mcohw.c
 037F                   .dbfunc e MCOHW_SetCANFilter _MCOHW_SetCANFilter fc
 037F           ;            len -> 6,SP
 037F           ;            bin -> 7,SP
 037F           ;              i -> 8,SP
 037F           ;          CANID -> 9,SP
 037F           $_MCOHW_SetCANFilter::
 037F 3B                pshd
 0380 1B97              leas -9,S
 0382                   .dbline -1
 0382                   .dbline 529
 0382           ; 
 0382           ;   
 0382           ; 
 0382           ; }
 0382           ; #include "stdarg.h"
 0382           ; UNSIGNED8 setFilters[8] = {0x80, 0x80, 0x80, 0x80, 0x80, 0x80, 0x80, 0x80};
 0382           ; /**************************************************************************
 0382           ; DOES:    Initializes the next available filter                    
 0382           ; RETURNS: 0 for failed init, 1 for successful init
 0382           ;  
 0382           ; This function replaces the original function that just
 0382           ; set up to 8 filters, requiring a match of all bits.
 0382           ; This function can be called as previously with just
 0382           ; the CANID argument and it will function as it previously
 0382           ; was intended.
 0382           ;  
 0382           ; This function keeps track of all filters that have been set.
 0382           ; If the address (last 7 bits in CANID as defined by 'bin'
 0382           ; after applying the mask to the CANID) in a given CANID corresponds
 0382           ; to a set filter (kept in global variable list setFilters; declared
 0382           ; in mcohw.c), no filter is set. Otherwise, the filter is set,
 0382           ; the filter is added to setFilters, gCANFilter is incremented
 0382           ; and 1 (success) is returned
 0382           ;  
 0382           ; The call to this function in "MCO_Init" that sets the filter
 0382           ; for the NMT master does not need modified, should look like
 0382           ; the following: ("if (!MCOHW_SetCANFilter(0))")
 0382           ;  
 0382           ; The call to this function in "MCO_Init" that sets the filter
 0382           ; to accept SDO for this node, should look like the following
 0382           ; (such as; "if (!MCOHW_SetCANFilter(0x600+Node_ID))"
 0382           ;                  
 0382           ; The call to this function in "MCO_Init" that sets the filter
 0382           ; to accept RPDOs for this node, should look like the following
 0382           ; (such as; "if (!MCOHW_SetCANFilter(gRPDOConfig[PDO_NR].CANID))"
 0382           ;                  
 0382           ; **************************************************************************/
 0382           ; UNSIGNED8 MCOHW_SetCANFilter(UNSIGNED16 CANID)
 0382           ; {
 0382                   .dbline 530
 0382           ;     UNSIGNED8 i = 0;
 0382 6988              clr 8,S
 0384                   .dbline 531
 0384           ;     UNSIGNED8 bin = CANID & 0x7F;
 0384 EC89              ldd 9,S
 0386 8400              anda #0
 0388 C47F              andb #127
 038A 6B87              stab 7,S
 038C                   .dbline 534
 038C           ;  
 038C           ;     // Handle default where one filter covers all CANIDs matching NODE_ID
 038C           ;     UNSIGNED8 len = sizeof(setFilters) / sizeof(setFilters[0]);
 038C 18088608          movb #8,6,S
 0390                   .dbline 535
 0390           ;     for (i = 0; i < len; i++) {
 0390 6988              clr 8,S
 0392 2019              bra L71
 0394           L68:
 0394                   .dbline 535
 0394                   .dbline 536
 0394           ;         if (setFilters[i] == bin) {
 0394 CD0003            ldy #_setFilters
 0397 E688              ldab 8,S
 0399 87                clra
 039A 6D84              sty 4,S
 039C E384              addd 4,S
 039E B746              tfr D,Y
 03A0 E640              ldab 0,Y
 03A2 E187              cmpb 7,S
 03A4 2605              bne L72
 03A6                   .dbline 536
 03A6                   .dbline 538
 03A6           ;             // If a filter is already set for this CANID, print a message and return
 03A6           ;             return 1;  // Successfully set the filter
 03A6 CC0001            ldd #1
 03A9 2050              bra L67
 03AB           L72:
 03AB                   .dbline 540
 03AB           ;         }
 03AB           ;     }
 03AB           L69:
 03AB                   .dbline 535
 03AB 6288              inc 8,S
 03AD           L71:
 03AD                   .dbline 535
 03AD E688              ldab 8,S
 03AF E186              cmpb 6,S
 03B1 25E1              blo L68
 03B3                   .dbline 543
 03B3           ;  
 03B3           ;     // check for limit
 03B3           ;     if (gCANFilter >= NR_OF_RPDOS)  
 03B3 F60002            ldab _gCANFilter
 03B6 C108              cmpb #8
 03B8 2505              blo L74
 03BA                   .dbline 544
 03BA           ;     {
 03BA                   .dbline 545
 03BA           ;         return 0;  // Fail if all filters are used
 03BA CC0000            ldd #0
 03BD 203C              bra L67
 03BF           L74:
 03BF                   .dbline 548
 03BF           ;     }
 03BF           ;    
 03BF           ;     CANCTL0 = 0x01;
 03BF 180B010140        movb #1,0x140
 03C4           L76:
 03C4                   .dbline 550
 03C4           ;     while ( !(CANCTL1 & 0x01) )
 03C4           ;     {
 03C4                   .dbline 551
 03C4           ;     }
 03C4           L77:
 03C4                   .dbline 549
 03C4 1F014101FB        brclr 0x141,#1,L76
 03C9                   .dbline 554
 03C9           ;  
 03C9           ;     // configure the filter
 03C9           ;     set_screener_std(gCANFilter, 0xFF80, CANID  //darrell, use only the Node_ID
 03C9 ED89              ldy 9,S
 03CB 6D82              sty 2,S
 03CD CDFF80            ldy #65408
 03D0 6D80              sty 0,S
 03D2 F60002            ldab _gCANFilter
 03D5 87                clra
 03D6 4A000000          xcall $_set_screener_std
 03DA                   .dbline 560
 03DA           ;     //The following arguments are not used, this has been modified for 16 bit filters            
 03DA           ;     //,0xFF,0xFF,0xFF,0xFF);
 03DA           ;     );
 03DA           ;     //darrell
 03DA           ;     //added, exit initialization mode
 03DA           ;     CANCTL0 = 0x00;                    /* Exit Initialization Mode Request */
 03DA 790140            clr 0x140
 03DD           L79:
 03DD                   .dbline 562
 03DD           ;     while ( (CANCTL1 & 0x01) != 0 )            /* Wait for Normal Mode */
 03DD           ;     {
 03DD                   .dbline 563
 03DD           ;     }
 03DD           L80:
 03DD                   .dbline 561
 03DD F60141            ldab 0x141
 03E0 C501              bitb #1
 03E2 26F9              bne L79
 03E4                   .dbline 566
 03E4           ;    
 03E4           ;     // Set the filter for a specific CANID
 03E4           ;     setFilters[gCANFilter] = bin;
 03E4 CD0003            ldy #_setFilters
 03E7 F60002            ldab _gCANFilter
 03EA 87                clra
 03EB 6D84              sty 4,S
 03ED E384              addd 4,S
 03EF B746              tfr D,Y
 03F1 E687              ldab 7,S
 03F3 6B40              stab 0,Y
 03F5                   .dbline 569
 03F5           ;  
 03F5           ;     // Increment current num of filters set
 03F5           ;     gCANFilter++;
 03F5 720002            inc _gCANFilter
 03F8                   .dbline 571
 03F8           ;  
 03F8           ;     return 1;  // Successfully set the filter
 03F8 CC0001            ldd #1
 03FB                   .dbline -2
 03FB           L67:
 03FB                   .dbline 0 ; func end
 03FB 1B8B              leas 11,S
 03FD 0A                rtc
 03FE                   .dbsym l len 6 c
 03FE                   .dbsym l bin 7 c
 03FE                   .dbsym l i 8 c
 03FE                   .dbsym l CANID 9 i
 03FE                   .dbend
